testTitle=WorkerErrorsTest
testName=WorkerErrors
runSetup=false
clearAfterTest=false
useDB=false
